q5@freebsd-webzfs-test:~ $ su root
Password:
root@freebsd-webzfs-test:/home/q5 # pkg update
The package management tool is not yet installed on your system.
Do you want to fetch and install it now? [y/N]: y
Bootstrapping pkg from pkg+https://pkg.FreeBSD.org/FreeBSD:14:amd64/quarterly, please wait...
Verifying signature with trusted certificate pkg.freebsd.org.2013102301... done
Installing pkg-2.4.2...
Extracting pkg-2.4.2: 100%
Updating FreeBSD repository catalogue...
Fetching meta.conf: 100%    179 B   0.2kB/s    00:01    
Fetching data.pkg: 100%   10 MiB   3.6MB/s    00:03    
Processing entries: 100%
FreeBSD repository update completed. 36475 packages processed.
Updating FreeBSD-kmods repository catalogue...
Fetching meta.conf: 100%    179 B   0.2kB/s    00:01    
Fetching data.pkg: 100%   36 KiB  36.8kB/s    00:01    
Processing entries: 100%
FreeBSD-kmods repository update completed. 245 packages processed.
All repositories are up to date.
root@freebsd-webzfs-test:/home/q5 # pkg install python311 py311-pip node npm smartmontools sanoid rust libsodium
Updating FreeBSD repository catalogue...
FreeBSD repository is up to date.
Updating FreeBSD-kmods repository catalogue...
FreeBSD-kmods repository is up to date.
All repositories are up to date.
Updating database digests format: 100%
The following 41 package(s) will be affected (of 0 checked):

New packages to be INSTALLED:
        brotli: 1.1.0,1 [FreeBSD]
        c-ares: 1.34.5 [FreeBSD]
        ca_root_nss: 3.115_4 [FreeBSD]
        curl: 8.16.0 [FreeBSD]
        gettext-runtime: 0.23.1 [FreeBSD]
        gmake: 4.4.1 [FreeBSD]
        icu: 76.1,1 [FreeBSD]
        indexinfo: 0.3.1_1 [FreeBSD]
        libffi: 3.5.1 [FreeBSD]
        libidn2: 2.3.8 [FreeBSD]
        liblz4: 1.10.0,1 [FreeBSD]
        libnghttp2: 1.67.0 [FreeBSD]
        libnghttp3: 1.11.0 [FreeBSD]
        libngtcp2: 1.15.1 [FreeBSD]
        libpsl: 0.21.5_2 [FreeBSD]
        libsodium: 1.0.19 [FreeBSD]
        libssh2: 1.11.1,3 [FreeBSD]
        libunistring: 1.4.1 [FreeBSD]
        libuv: 1.51.0 [FreeBSD]
        lzo2: 2.10_1 [FreeBSD]
        lzop: 1.04_1 [FreeBSD]
        mbuffer: 20250809 [FreeBSD]
        mhash: 0.9.9.9_6 [FreeBSD]
        mpdecimal: 4.0.1 [FreeBSD]
        node: 22.19.0_2 [FreeBSD]
        node22: 22.19.0_1 [FreeBSD]
        npm: 11.6.0 [FreeBSD]
        npm-node22: 11.6.0 [FreeBSD]
        p5-Capture-Tiny: 0.50 [FreeBSD]
        p5-Config-IniFiles: 3.000003_1 [FreeBSD]
        p5-IO-Stringy: 2.113 [FreeBSD]
        perl5: 5.42.0_1 [FreeBSD]
        pv: 1.9.31 [FreeBSD]
        py311-pip: 23.3.2_4 [FreeBSD]
        python311: 3.11.13_1 [FreeBSD]
        readline: 8.2.13_2 [FreeBSD]
        rust: 1.89.0_1 [FreeBSD]
        sanoid: 2.3.0 [FreeBSD]
        simdjson: 4.0.7 [FreeBSD]
        smartmontools: 7.5 [FreeBSD]
        zstd: 1.5.7 [FreeBSD]

Number of packages to be installed: 41

The process will require 2 GiB more space.
259 MiB to be downloaded.

Proceed with this action? [y/N]: y
[1/41] Fetching libngtcp2-1.15.1~a7f8b92dcd.pkg: 100%  242 KiB 248.1kB/s    00:01    
[2/41] Fetching libnghttp3-1.11.0~7630712c88.pkg: 100%  119 KiB 122.2kB/s    00:01    
[3/41] Fetching indexinfo-0.3.1_1~3c71fde3aa.pkg: 100%    6 KiB   6.2kB/s    00:01    
[4/41] Fetching rust-1.89.0_1~0e25c49423.pkg: 100%  175 MiB   6.6MB/s    00:28    
[5/41] Fetching libnghttp2-1.67.0~f699a6cf8b.pkg: 100%  137 KiB 140.6kB/s    00:01    
[6/41] Fetching c-ares-1.34.5~6e4eb64ea7.pkg: 100%  224 KiB 229.1kB/s    00:01    
[7/41] Fetching mpdecimal-4.0.1~239e50cad8.pkg: 100%  157 KiB 160.6kB/s    00:01    
[8/41] Fetching py311-pip-23.3.2_4~c6bbb88f0b.pkg: 100%    3 MiB   3.7MB/s    00:01    
[9/41] Fetching node-22.19.0_2~008066062b.pkg: 100%    1 KiB   1.2kB/s    00:01    
[10/41] Fetching p5-IO-Stringy-2.113~897d523a38.pkg: 100%   48 KiB  49.6kB/s    00:01    
[11/41] Fetching lzop-1.04_1~4cef4244e9.pkg: 100%   68 KiB  70.1kB/s    00:01    
[12/41] Fetching icu-76.1,1~5bf3ead0ae.pkg: 100%   13 MiB   6.9MB/s    00:02    
[13/41] Fetching libidn2-2.3.8~b8c0800448.pkg: 100%  160 KiB 164.2kB/s    00:01    
[14/41] Fetching node22-22.19.0_1~a93358133f.pkg: 100%   14 MiB  14.4MB/s    00:01    
[15/41] Fetching liblz4-1.10.0,1~14a3880d39.pkg: 100%  166 KiB 169.9kB/s    00:01    
[16/41] Fetching npm-node22-11.6.0~914c5df930.pkg: 100%    2 MiB   2.5MB/s    00:01    
[17/41] Fetching libuv-1.51.0~437990c9ce.pkg: 100%  142 KiB 144.9kB/s    00:01    
[18/41] Fetching p5-Capture-Tiny-0.50~09b3c4e8ef.pkg: 100%   20 KiB  20.4kB/s    00:01    
[19/41] Fetching simdjson-4.0.7~98a2cc3fdf.pkg: 100%  243 KiB 248.6kB/s    00:01    
[20/41] Fetching libsodium-1.0.19~ffbe4c1bed.pkg: 100%  253 KiB 259.5kB/s    00:01    
[21/41] Fetching perl5-5.42.0_1~1b47f4ddb1.pkg: 100%   16 MiB   8.3MB/s    00:02    
[22/41] Fetching lzo2-2.10_1~10b56ab44a.pkg: 100%  121 KiB 124.1kB/s    00:01    
[23/41] Fetching gmake-4.4.1~8359e942dc.pkg: 100%  487 KiB 499.0kB/s    00:01    
[24/41] Fetching zstd-1.5.7~b178d368ae.pkg: 100%  510 KiB 522.7kB/s    00:01    
[25/41] Fetching libunistring-1.4.1~18db63b524.pkg: 100%  738 KiB 755.7kB/s    00:01    
[26/41] Fetching p5-Config-IniFiles-3.000003_1~b99720bc8a.pkg: 100%   38 KiB  38.9kB/s    00:01    
[27/41] Fetching mbuffer-20250809~d598d227fd.pkg: 100%   51 KiB  52.2kB/s    00:01    
[28/41] Fetching libffi-3.5.1~40d0a678b9.pkg: 100%   46 KiB  47.3kB/s    00:01    
[29/41] Fetching readline-8.2.13_2~df9c15265e.pkg: 100%  397 KiB 406.6kB/s    00:01    
[30/41] Fetching smartmontools-7.5~62062ad895.pkg: 100%  591 KiB 605.3kB/s    00:01    
[31/41] Fetching libssh2-1.11.1,3~db3b466d93.pkg: 100%  244 KiB 250.0kB/s    00:01    
[32/41] Fetching libpsl-0.21.5_2~93f6f80bc4.pkg: 100%   65 KiB  66.9kB/s    00:01    
[33/41] Fetching curl-8.16.0~1b757e9dc9.pkg: 100%    2 MiB   1.8MB/s    00:01    
[34/41] Fetching npm-11.6.0~a1acc3110d.pkg: 100%    1 KiB   1.1kB/s    00:01    
[35/41] Fetching brotli-1.1.0,1~99b012681e.pkg: 100%  374 KiB 382.7kB/s    00:01    
[36/41] Fetching pv-1.9.31~4594e5acd9.pkg: 100%  101 KiB 103.0kB/s    00:01    
[37/41] Fetching gettext-runtime-0.23.1~944d87772b.pkg: 100%  230 KiB 235.3kB/s    00:01    
[38/41] Fetching ca_root_nss-3.115_4~d631437f62.pkg: 100%  276 KiB 282.3kB/s    00:01    
[39/41] Fetching sanoid-2.3.0~1e0f2424a9.pkg: 100%   46 KiB  47.4kB/s    00:01    
[40/41] Fetching python311-3.11.13_1~a35e749bf6.pkg: 100%   27 MiB   9.3MB/s    00:03    
[41/41] Fetching mhash-0.9.9.9_6~bbc12c5cbe.pkg: 100%  140 KiB 143.8kB/s    00:01    
Checking integrity... done (0 conflicting)
[1/41] Installing brotli-1.1.0,1...
[1/41] Extracting brotli-1.1.0,1: 100%
[2/41] Installing c-ares-1.34.5...
[2/41] Extracting c-ares-1.34.5: 100%
[3/41] Installing ca_root_nss-3.115_4...
[3/41] Extracting ca_root_nss-3.115_4: 100%
[4/41] Installing icu-76.1,1...
[4/41] Extracting icu-76.1,1: 100%
[5/41] Installing indexinfo-0.3.1_1...
[5/41] Extracting indexinfo-0.3.1_1: 100%
[6/41] Installing gettext-runtime-0.23.1...
[6/41] Extracting gettext-runtime-0.23.1: 100%
[7/41] Installing gmake-4.4.1...
[7/41] Extracting gmake-4.4.1: 100%
[8/41] Installing libffi-3.5.1...
[8/41] Extracting libffi-3.5.1: 100%
[9/41] Installing liblz4-1.10.0,1...
[9/41] Extracting liblz4-1.10.0,1: 100%
[10/41] Installing libnghttp2-1.67.0...
[10/41] Extracting libnghttp2-1.67.0: 100%
[11/41] Installing libnghttp3-1.11.0...
[11/41] Extracting libnghttp3-1.11.0: 100%
[12/41] Installing libngtcp2-1.15.1...
[12/41] Extracting libngtcp2-1.15.1: 100%
[13/41] Installing libsodium-1.0.19...
[13/41] Extracting libsodium-1.0.19: 100%
[14/41] Installing libssh2-1.11.1,3...
[14/41] Extracting libssh2-1.11.1,3: 100%
[15/41] Installing libunistring-1.4.1...
[15/41] Extracting libunistring-1.4.1: 100%
[16/41] Installing libidn2-2.3.8...
[16/41] Extracting libidn2-2.3.8: 100%
[17/41] Installing libpsl-0.21.5_2...
[17/41] Extracting libpsl-0.21.5_2: 100%
[18/41] Installing libuv-1.51.0...
[18/41] Extracting libuv-1.51.0: 100%
[19/41] Installing lzo2-2.10_1...
[19/41] Extracting lzo2-2.10_1: 100%
[20/41] Installing lzop-1.04_1...
[20/41] Extracting lzop-1.04_1: 100%
[21/41] Installing mhash-0.9.9.9_6...
[21/41] Extracting mhash-0.9.9.9_6: 100%
[22/41] Installing mbuffer-20250809...
[22/41] Extracting mbuffer-20250809: 100%
[23/41] Installing mpdecimal-4.0.1...
[23/41] Extracting mpdecimal-4.0.1: 100%
[24/41] Installing perl5-5.42.0_1...
[24/41] Extracting perl5-5.42.0_1: 100%
[25/41] Installing p5-Capture-Tiny-0.50...
[25/41] Extracting p5-Capture-Tiny-0.50: 100%
[26/41] Installing p5-IO-Stringy-2.113...
[26/41] Extracting p5-IO-Stringy-2.113: 100%
[27/41] Installing p5-Config-IniFiles-3.000003_1...
[27/41] Extracting p5-Config-IniFiles-3.000003_1: 100%
[28/41] Installing pv-1.9.31...
[28/41] Extracting pv-1.9.31: 100%
[29/41] Installing readline-8.2.13_2...
[29/41] Extracting readline-8.2.13_2: 100%
[30/41] Installing python311-3.11.13_1...
[30/41] Extracting python311-3.11.13_1: 100%
[31/41] Installing py311-pip-23.3.2_4...
[31/41] Extracting py311-pip-23.3.2_4: 100%
[32/41] Installing sanoid-2.3.0...
[32/41] Extracting sanoid-2.3.0: 100%
[33/41] Installing simdjson-4.0.7...
[33/41] Extracting simdjson-4.0.7: 100%
[34/41] Installing smartmontools-7.5...
[34/41] Extracting smartmontools-7.5: 100%
[35/41] Installing zstd-1.5.7...
[35/41] Extracting zstd-1.5.7: 100%
[36/41] Installing curl-8.16.0...
[36/41] Extracting curl-8.16.0: 100%
[37/41] Installing node22-22.19.0_1...
[37/41] Extracting node22-22.19.0_1: 100%
[38/41] Installing node-22.19.0_2...
[38/41] Extracting node-22.19.0_2: 100%
[39/41] Installing npm-node22-11.6.0...
[39/41] Extracting npm-node22-11.6.0: 100%
[40/41] Installing npm-11.6.0...
[40/41] Extracting npm-11.6.0: 100%
[41/41] Installing rust-1.89.0_1...
[41/41] Extracting rust-1.89.0_1: 100%
=====
Message from ca_root_nss-3.115_4:

--
FreeBSD does not, and can not warrant that the certification authorities
whose certificates are included in this package have in any way been
audited for trustworthiness or RFC 3647 compliance.

Assessment and verification of trust is the complete responsibility of
the system administrator.

This package installs symlinks to support root certificate discovery
for software that either uses other cryptographic libraries than
OpenSSL, or use OpenSSL but do not follow recommended practice.

If you prefer to do this manually, replace the following symlinks with
either an empty file or your site-local certificate bundle.

  * /etc/ssl/cert.pem
  * /usr/local/etc/ssl/cert.pem
  * /usr/local/openssl/cert.pem
=====
Message from mhash-0.9.9.9_6:

--
===>   NOTICE:

The mhash port currently does not have a maintainer. As a result, it is
more likely to have unresolved issues, not be up-to-date, or even be removed in
the future. To volunteer to maintain this port, please create an issue at:

https://bugs.freebsd.org/bugzilla

More information about port maintainership is available at:

https://docs.freebsd.org/en/articles/contributing/#ports-contributing
=====
Message from python311-3.11.13_1:

--
Note that some standard Python modules are provided as separate ports
as they require additional dependencies. They are available as:

py311-gdbm       databases/py-gdbm@py311
py311-sqlite3    databases/py-sqlite3@py311
py311-tkinter    x11-toolkits/py-tkinter@py311
=====
Message from py311-pip-23.3.2_4:

--
pip MUST ONLY be used:

 * With the --user flag, OR
 * To install or manage Python packages in virtual environments

Failure to follow this warning can and will result in an inconsistent
system-wide Python environment (LOCALBASE/lib/pythonX.Y/site-packages) and
cause errors.

Avoid using pip as root unless you know what you're doing.
=====
Message from sanoid-2.3.0:

--
Sanoid requires additional configuration in the /usr/local/etc/sanoid/sanoid.conf 
 file.

 A sample has been installed in /usr/local/etc/sanoid/sanoid.conf.sample and
 additional documentation can be found at the sanoid master site:
 
   https://github.com/jimsalterjrs/sanoid
=====
Message from smartmontools-7.5:

--
smartmontools has been installed

To check the status of drives, use the following:

        /usr/local/sbin/smartctl -a /dev/ad0    for first ATA/SATA drive
        /usr/local/sbin/smartctl -a /dev/da0    for first SCSI drive
        /usr/local/sbin/smartctl -a /dev/ada0   for first SATA drive

To include drive health information in your daily status reports,
add a line like the following to /etc/periodic.conf:
        daily_status_smart_devices="/dev/ad0 /dev/da0"
substituting the appropriate device names for your SMART-capable disks.

To enable drive monitoring, you can use /usr/local/sbin/smartd.
A sample configuration file has been installed as
/usr/local/etc/smartd.conf.sample
Copy this file to /usr/local/etc/smartd.conf and edit appropriately

To have smartd start at boot
        echo 'smartd_enable="YES"' >> /etc/rc.conf

To enable verification of the drivedb updates, install the "security/gnupg"
package.
=====
Message from node22-22.19.0_1:

--
Note: If you need npm (Node Package Manager), please install www/npm-node22.
root@freebsd-webzfs-test:/home/q5 # git clone https://github.com/webzfs/webzfs
Cloning into 'webzfs'...
remote: Enumerating objects: 240, done.
remote: Counting objects: 100% (240/240), done.
remote: Compressing objects: 100% (175/175), done.
remote: Total 240 (delta 67), reused 222 (delta 59), pack-reused 0 (from 0)
Receiving objects: 100% (240/240), 2.91 MiB | 31.68 MiB/s, done.
Resolving deltas: 100% (67/67), done.
root@freebsd-webzfs-test:/home/q5 # cd webzfs/
root@freebsd-webzfs-test:/home/q5/webzfs # ls
BUILD_AND_RUN.md        auth                    install_linux.sh        postcss.config.js       run_dev.sh              tailwind.config.js
LICENSE                 config                  manage.py               pyproject.toml          screenshots             templates
README.md               core                    package-lock.json       requirements.txt        services                views
add_feature_demo        install_freebsd.sh      package.json            run.sh                  src                     webzfs.svg
root@freebsd-webzfs-test:/home/q5/webzfs # chmod +x install_freebsd.sh
root@freebsd-webzfs-test:/home/q5/webzfs # ./install_freebsd.sh
========================================
WebZFS Installation Script for FreeBSD
========================================

Checking prerequisites...
✓ Python 3.11 found (python3.11)
✓ Node.js v22.19.0 found
npm warn Unknown global config "python". This will stop working in the next major version of npm.
✓ npm 11.6.0 found
✓ Rust 1.89.0 found
✓ libsodium found
✓ gmake found

Copying application files from /home/q5/webzfs to /opt/webzfs...
✓ Application files copied
✓ Data directory and files created

Installing Python and Node.js dependencies...
(This may take a few minutes...)

Virtual environment already exists
Activating virtual environment...
Upgrading pip...
Installing Python dependencies...
Installing Node.js dependencies...
Building static assets...
Creating .env configuration file...
Generated new SECRET_KEY

✓ Python dependencies installed
✓ Node.js dependencies installed
✓ Static assets built
✓ Configuration file created

Creating service wrapper script...
✓ Service wrapper script created
Creating rc.d service script...
✓ rc.d service script created

Do you want to enable WebZFS to start on boot? (y/n): y
webzfs_enable:  -> YES
✓ WebZFS service enabled

Do you want to start WebZFS now? (y/n): y
Starting webzfs.
webzfs started with pid 61856.
✓ WebZFS service started

Check service status with: sudo service webzfs status

========================================
Installation Complete!
========================================

WebZFS has been installed to: /opt/webzfs
Note: On FreeBSD, the service runs as root for PAM authentication

To start the application manually:
  /opt/webzfs/run.sh

To manage the service:
  sudo service webzfs start
  sudo service webzfs stop
  sudo service webzfs restart
  sudo service webzfs status

To access the web interface:
  http://localhost:26619

root@freebsd-webzfs-test:/home/q5/webzfs # service webzfs status
webzfs is running as pid 61856.
root@freebsd-webzfs-test:/home/q5/webzfs # uname -a
FreeBSD freebsd-webzfs-test 14.3-RELEASE FreeBSD 14.3-RELEASE releng/14.3-n271432-8c9ce319fef7 GENERIC amd64
root@freebsd-webzfs-test:/home/q5/webzfs # 